(0000) 3000  0011000000000000 (   1)                 .ORIG x3000
(3000) F023  1111000000100011 (   2)                 TRAP  x23
(3001) 1220  0001001000100000 (   3)                 ADD   R1 R0 #0
(3002) F023  1111000000100011 (   4)                 TRAP  x23
(3003) 1401  0001010000000001 (   5)                 ADD   R2 R0 R1
(3004) E004  1110000000000100 (   6)                 LEA   R0 MESG
(3005) F022  1111000000100010 (   7)                 TRAP  x22
(3006) 10A0  0001000010100000 (   8)                 ADD   R0 R2 #0
(3007) F021  1111000000100001 (   9)                 TRAP  x21
(3008) F025  1111000000100101 (  10)                 TRAP  x25
(3009) 0054  0000000001010100 (  11) MESG            .FILL x0054
(300A) 0068  0000000001101000 (  11)                 .FILL x0068
(300B) 0065  0000000001100101 (  11)                 .FILL x0065
(300C) 0020  0000000000100000 (  11)                 .FILL x0020
(300D) 0073  0000000001110011 (  11)                 .FILL x0073
(300E) 0075  0000000001110101 (  11)                 .FILL x0075
(300F) 006D  0000000001101101 (  11)                 .FILL x006D
(3010) 0020  0000000000100000 (  11)                 .FILL x0020
(3011) 006F  0000000001101111 (  11)                 .FILL x006F
(3012) 0066  0000000001100110 (  11)                 .FILL x0066
(3013) 0020  0000000000100000 (  11)                 .FILL x0020
(3014) 0074  0000000001110100 (  11)                 .FILL x0074
(3015) 0068  0000000001101000 (  11)                 .FILL x0068
(3016) 006F  0000000001101111 (  11)                 .FILL x006F
(3017) 0073  0000000001110011 (  11)                 .FILL x0073
(3018) 0065  0000000001100101 (  11)                 .FILL x0065
(3019) 0020  0000000000100000 (  11)                 .FILL x0020
(301A) 0074  0000000001110100 (  11)                 .FILL x0074
(301B) 0077  0000000001110111 (  11)                 .FILL x0077
(301C) 006F  0000000001101111 (  11)                 .FILL x006F
(301D) 0020  0000000000100000 (  11)                 .FILL x0020
(301E) 006E  0000000001101110 (  11)                 .FILL x006E
(301F) 0075  0000000001110101 (  11)                 .FILL x0075
(3020) 006D  0000000001101101 (  11)                 .FILL x006D
(3021) 0062  0000000001100010 (  11)                 .FILL x0062
(3022) 0065  0000000001100101 (  11)                 .FILL x0065
(3023) 0072  0000000001110010 (  11)                 .FILL x0072
(3024) 0073  0000000001110011 (  11)                 .FILL x0073
(3025) 0020  0000000000100000 (  11)                 .FILL x0020
(3026) 0069  0000000001101001 (  11)                 .FILL x0069
(3027) 0073  0000000001110011 (  11)                 .FILL x0073
(3028) 0000  0000000000000000 (  11)                 .FILL x0000
