(0000) 3000  0011000000000000 (   1)                 .ORIG x3000
(3000) 20E4  0010000011100100 (   3) LOOP1           LD    R0 TIMES
(3001) 480E  0100100000001110 (   5)                 JSR   DISPLAY
(3002) 484A  0100100001001010 (   7) REINPUT         JSR   PROMPT
(3003) 4914  0100100100010100 (   9)                 JSR   INPUT
(3004) 1020  0001000000100000 (  11)                 ADD   R0 R0 #0
(3005) 05FC  0000010111111100 (  13)                 BRZ   REINPUT
(3006) 4920  0100100100100000 (  15)                 JSR   PLAY
(3007) 1020  0001000000100000 (  17)                 ADD   R0 R0 #0
(3008) 05F9  0000010111111001 (  19)                 BRZ   REINPUT
(3009) 494D  0100100101001101 (  21)                 JSR   JUDGE_W
(300A) 1020  0001000000100000 (  23)                 ADD   R0 R0 #0
(300B) 0201  0000001000000001 (  25)                 BRP   OVER
(300C) 0FF3  0000111111110011 (  27)                 BRNZP LOOP1
(300D) 4802  0100100000000010 (  29) OVER            JSR   DISPLAY
(300E) 4827  0100100000100111 (  31)                 JSR   ANSWER
(300F) F025  1111000000100101 (  33)                 TRAP  x25
(3010) 32FA  0011001011111010 (  39) DISPLAY         ST    R1 SAVE1
(3011) 34FA  0011010011111010 (  41)                 ST    R2 SAVE2
(3012) 36FA  0011011011111010 (  43)                 ST    R3 SAVE3
(3013) 3CFC  0011110011111100 (  45)                 ST    R6 SAVE6
(3014) ECD1  1110110011010001 (  47)                 LEA   R6 BOARD
(3015) 24FD  0010010011111101 (  49)                 LD    R2 NUM_ROW
(3016) 22FC  0010001011111100 (  51) COL_L           LD    R1 NUM_ROW
(3017) 6780  0110011110000000 (  53) ROW_L           LDR   R3 R6 #0
(3018) 0A02  0000101000000010 (  55)                 BRNP  TYPE_L1
(3019) 20CA  0010000011001010 (  57)                 LD    R0 CHESS_N
(301A) 0E04  0000111000000100 (  59)                 BRNZP TYPR_LD
(301B) 0202  0000001000000010 (  61) TYPE_L1         BRP   TYPE_L2
(301C) 20C6  0010000011000110 (  63)                 LD    R0 CHESS_X
(301D) 0E01  0000111000000001 (  65)                 BRNZP TYPR_LD
(301E) 20C3  0010000011000011 (  67) TYPE_L2         LD    R0 CHESS_O
(301F) 3EF1  0011111011110001 (  69) TYPR_LD         ST    R7 SAVE7
(3020) F021  1111000000100001 (  71)                 TRAP  x21
(3021) 2EEF  0010111011101111 (  73)                 LD    R7 SAVE7
(3022) 1DA1  0001110110100001 (  75)                 ADD   R6 R6 #1
(3023) 127F  0001001001111111 (  77)                 ADD   R1 R1 #-1
(3024) 0C05  0000110000000101 (  79)                 BRNZ  SPACE_L
(3025) 20F0  0010000011110000 (  81)                 LD    R0 SPACE
(3026) 3EEA  0011111011101010 (  83)                 ST    R7 SAVE7
(3027) F021  1111000000100001 (  85)                 TRAP  x21
(3028) 2EE8  0010111011101000 (  87)                 LD    R7 SAVE7
(3029) 1260  0001001001100000 (  89)                 ADD   R1 R1 #0
(302A) 03EC  0000001111101100 (  91) SPACE_L         BRP   ROW_L
(302B) 20EB  0010000011101011 (  93)                 LD    R0 ENDL
(302C) 3EE4  0011111011100100 (  95)                 ST    R7 SAVE7
(302D) F021  1111000000100001 (  97)                 TRAP  x21
(302E) 2EE2  0010111011100010 (  99)                 LD    R7 SAVE7
(302F) 14BF  0001010010111111 ( 101)                 ADD   R2 R2 #-1
(3030) 03E5  0000001111100101 ( 103)                 BRP   COL_L
(3031) 22D9  0010001011011001 ( 105)                 LD    R1 SAVE1
(3032) 24D9  0010010011011001 ( 107)                 LD    R2 SAVE2
(3033) 26D9  0010011011011001 ( 109)                 LD    R3 SAVE3
(3034) 2CDB  0010110011011011 ( 111)                 LD    R6 SAVE6
(3035) C1C0  1100000111000000 ( 113)                 RET   
(3036) 32D4  0011001011010100 ( 119) ANSWER          ST    R1 SAVE1
(3037) 34D4  0011010011010100 ( 121)                 ST    R2 SAVE2
(3038) 22AC  0010001010101100 ( 123)                 LD    R1 TIMES
(3039) 24DA  0010010011011010 ( 125)                 LD    R2 NUM_END
(303A) 1442  0001010001000010 ( 127)                 ADD   R2 R1 R2
(303B) 0C02  0000110000000010 ( 129)                 BRNZ  ANS_L1
(303C) E02B  1110000000101011 ( 131)                 LEA   R0 TIE
(303D) 0E08  0000111000001000 ( 133)                 BRNZP ANS_LD
(303E) 20A6  0010000010100110 ( 135) ANS_L1          LD    R0 TIMES
(303F) 3ED2  0011111011010010 ( 137)                 ST    R7 SAVE77
(3040) 490F  0100100100001111 ( 139)                 JSR   JUDGE_N
(3041) 1020  0001000000100000 ( 141)                 ADD   R0 R0 #0
(3042) 0202  0000001000000010 ( 143)                 BRP   ANS_L2
(3043) E080  1110000010000000 ( 145)                 LEA   R0 WIN1
(3044) 0E01  0000111000000001 ( 147)                 BRNZP ANS_LD
(3045) E08D  1110000010001101 ( 149) ANS_L2          LEA   R0 WIN2
(3046) 2ECB  0010111011001011 ( 151) ANS_LD          LD    R7 SAVE77
(3047) 3EC9  0011111011001001 ( 153)                 ST    R7 SAVE7
(3048) F022  1111000000100010 ( 155)                 TRAP  x22
(3049) 2EC7  0010111011000111 ( 157)                 LD    R7 SAVE7
(304A) 22C0  0010001011000000 ( 159)                 LD    R1 SAVE1
(304B) 24C0  0010010011000000 ( 161)                 LD    R2 SAVE2
(304C) C1C0  1100000111000000 ( 163)                 RET   
(304D) 32BD  0011001010111101 ( 169) PROMPT          ST    R1 SAVE1
(304E) 34BD  0011010010111101 ( 171)                 ST    R2 SAVE2
(304F) 30BA  0011000010111010 ( 173)                 ST    R0 SAVE0
(3050) 1020  0001000000100000 ( 175)                 ADD   R0 R0 #0
(3051) 0206  0000001000000110 ( 177)                 BRP   PRO_L3
(3052) E01F  1110000000011111 ( 179)                 LEA   R0 INVALID
(3053) 3EBD  0011111010111101 ( 181)                 ST    R7 SAVE7
(3054) F022  1111000000100010 ( 183)                 TRAP  x22
(3055) 20C1  0010000011000001 ( 185)                 LD    R0 ENDL
(3056) F021  1111000000100001 ( 187)                 TRAP  x21
(3057) 2EB9  0010111010111001 ( 189)                 LD    R7 SAVE7
(3058) 30B1  0011000010110001 ( 191) PRO_L3          ST    R0 SAVE0
(3059) 208B  0010000010001011 ( 193)                 LD    R0 TIMES
(305A) 3EB6  0011111010110110 ( 195)                 ST    R7 SAVE7
(305B) 48F4  0100100011110100 ( 197)                 JSR   JUDGE_N
(305C) 1020  0001000000100000 ( 199)                 ADD   R0 R0 #0
(305D) 0402  0000010000000010 ( 201)                 BRZ   PRO_L1
(305E) E02D  1110000000101101 ( 203)                 LEA   R0 PROMPT1
(305F) 0E01  0000111000000001 ( 205)                 BRNZP PRO_L2
(3060) E047  1110000001000111 ( 207) PRO_L1          LEA   R0 PROMPT2
(3061) 2EAF  0010111010101111 ( 209) PRO_L2          LD    R7 SAVE7
(3062) 3EAE  0011111010101110 ( 211)                 ST    R7 SAVE7
(3063) F022  1111000000100010 ( 213)                 TRAP  x22
(3064) 2EAC  0010111010101100 ( 215)                 LD    R7 SAVE7
(3065) 22A5  0010001010100101 ( 217)                 LD    R1 SAVE1
(3066) 24A5  0010010010100101 ( 219)                 LD    R2 SAVE2
(3067) C1C0  1100000111000000 ( 221)                 RET   
(3068) 0054  0000000001010100 ( 227) TIE             .FILL x0054
(3069) 0069  0000000001101001 ( 227)                 .FILL x0069
(306A) 0065  0000000001100101 ( 227)                 .FILL x0065
(306B) 0020  0000000000100000 ( 227)                 .FILL x0020
(306C) 0047  0000000001000111 ( 227)                 .FILL x0047
(306D) 0061  0000000001100001 ( 227)                 .FILL x0061
(306E) 006D  0000000001101101 ( 227)                 .FILL x006D
(306F) 0065  0000000001100101 ( 227)                 .FILL x0065
(3070) 002E  0000000000101110 ( 227)                 .FILL x002E
(3071) 0000  0000000000000000 ( 227)                 .FILL x0000
(3072) 0049  0000000001001001 ( 229) INVALID         .FILL x0049
(3073) 006E  0000000001101110 ( 229)                 .FILL x006E
(3074) 0076  0000000001110110 ( 229)                 .FILL x0076
(3075) 0061  0000000001100001 ( 229)                 .FILL x0061
(3076) 006C  0000000001101100 ( 229)                 .FILL x006C
(3077) 0069  0000000001101001 ( 229)                 .FILL x0069
(3078) 0064  0000000001100100 ( 229)                 .FILL x0064
(3079) 0020  0000000000100000 ( 229)                 .FILL x0020
(307A) 006D  0000000001101101 ( 229)                 .FILL x006D
(307B) 006F  0000000001101111 ( 229)                 .FILL x006F
(307C) 0076  0000000001110110 ( 229)                 .FILL x0076
(307D) 0065  0000000001100101 ( 229)                 .FILL x0065
(307E) 002E  0000000000101110 ( 229)                 .FILL x002E
(307F) 0020  0000000000100000 ( 229)                 .FILL x0020
(3080) 0054  0000000001010100 ( 229)                 .FILL x0054
(3081) 0072  0000000001110010 ( 229)                 .FILL x0072
(3082) 0079  0000000001111001 ( 229)                 .FILL x0079
(3083) 0020  0000000000100000 ( 229)                 .FILL x0020
(3084) 0061  0000000001100001 ( 229)                 .FILL x0061
(3085) 0067  0000000001100111 ( 229)                 .FILL x0067
(3086) 0061  0000000001100001 ( 229)                 .FILL x0061
(3087) 0069  0000000001101001 ( 229)                 .FILL x0069
(3088) 006E  0000000001101110 ( 229)                 .FILL x006E
(3089) 002E  0000000000101110 ( 229)                 .FILL x002E
(308A) 0020  0000000000100000 ( 229)                 .FILL x0020
(308B) 0000  0000000000000000 ( 229)                 .FILL x0000
(308C) 0050  0000000001010000 ( 231) PROMPT1         .FILL x0050
(308D) 006C  0000000001101100 ( 231)                 .FILL x006C
(308E) 0061  0000000001100001 ( 231)                 .FILL x0061
(308F) 0079  0000000001111001 ( 231)                 .FILL x0079
(3090) 0065  0000000001100101 ( 231)                 .FILL x0065
(3091) 0072  0000000001110010 ( 231)                 .FILL x0072
(3092) 0020  0000000000100000 ( 231)                 .FILL x0020
(3093) 0031  0000000000110001 ( 231)                 .FILL x0031
(3094) 002C  0000000000101100 ( 231)                 .FILL x002C
(3095) 0020  0000000000100000 ( 231)                 .FILL x0020
(3096) 0063  0000000001100011 ( 231)                 .FILL x0063
(3097) 0068  0000000001101000 ( 231)                 .FILL x0068
(3098) 006F  0000000001101111 ( 231)                 .FILL x006F
(3099) 006F  0000000001101111 ( 231)                 .FILL x006F
(309A) 0073  0000000001110011 ( 231)                 .FILL x0073
(309B) 0065  0000000001100101 ( 231)                 .FILL x0065
(309C) 0020  0000000000100000 ( 231)                 .FILL x0020
(309D) 0061  0000000001100001 ( 231)                 .FILL x0061
(309E) 0020  0000000000100000 ( 231)                 .FILL x0020
(309F) 0063  0000000001100011 ( 231)                 .FILL x0063
(30A0) 006F  0000000001101111 ( 231)                 .FILL x006F
(30A1) 006C  0000000001101100 ( 231)                 .FILL x006C
(30A2) 0075  0000000001110101 ( 231)                 .FILL x0075
(30A3) 006D  0000000001101101 ( 231)                 .FILL x006D
(30A4) 006E  0000000001101110 ( 231)                 .FILL x006E
(30A5) 003A  0000000000111010 ( 231)                 .FILL x003A
(30A6) 0020  0000000000100000 ( 231)                 .FILL x0020
(30A7) 0000  0000000000000000 ( 231)                 .FILL x0000
(30A8) 0050  0000000001010000 ( 233) PROMPT2         .FILL x0050
(30A9) 006C  0000000001101100 ( 233)                 .FILL x006C
(30AA) 0061  0000000001100001 ( 233)                 .FILL x0061
(30AB) 0079  0000000001111001 ( 233)                 .FILL x0079
(30AC) 0065  0000000001100101 ( 233)                 .FILL x0065
(30AD) 0072  0000000001110010 ( 233)                 .FILL x0072
(30AE) 0020  0000000000100000 ( 233)                 .FILL x0020
(30AF) 0032  0000000000110010 ( 233)                 .FILL x0032
(30B0) 002C  0000000000101100 ( 233)                 .FILL x002C
(30B1) 0020  0000000000100000 ( 233)                 .FILL x0020
(30B2) 0063  0000000001100011 ( 233)                 .FILL x0063
(30B3) 0068  0000000001101000 ( 233)                 .FILL x0068
(30B4) 006F  0000000001101111 ( 233)                 .FILL x006F
(30B5) 006F  0000000001101111 ( 233)                 .FILL x006F
(30B6) 0073  0000000001110011 ( 233)                 .FILL x0073
(30B7) 0065  0000000001100101 ( 233)                 .FILL x0065
(30B8) 0020  0000000000100000 ( 233)                 .FILL x0020
(30B9) 0061  0000000001100001 ( 233)                 .FILL x0061
(30BA) 0020  0000000000100000 ( 233)                 .FILL x0020
(30BB) 0063  0000000001100011 ( 233)                 .FILL x0063
(30BC) 006F  0000000001101111 ( 233)                 .FILL x006F
(30BD) 006C  0000000001101100 ( 233)                 .FILL x006C
(30BE) 0075  0000000001110101 ( 233)                 .FILL x0075
(30BF) 006D  0000000001101101 ( 233)                 .FILL x006D
(30C0) 006E  0000000001101110 ( 233)                 .FILL x006E
(30C1) 003A  0000000000111010 ( 233)                 .FILL x003A
(30C2) 0020  0000000000100000 ( 233)                 .FILL x0020
(30C3) 0000  0000000000000000 ( 233)                 .FILL x0000
(30C4) 0050  0000000001010000 ( 235) WIN1            .FILL x0050
(30C5) 006C  0000000001101100 ( 235)                 .FILL x006C
(30C6) 0061  0000000001100001 ( 235)                 .FILL x0061
(30C7) 0079  0000000001111001 ( 235)                 .FILL x0079
(30C8) 0065  0000000001100101 ( 235)                 .FILL x0065
(30C9) 0072  0000000001110010 ( 235)                 .FILL x0072
(30CA) 0020  0000000000100000 ( 235)                 .FILL x0020
(30CB) 0031  0000000000110001 ( 235)                 .FILL x0031
(30CC) 0020  0000000000100000 ( 235)                 .FILL x0020
(30CD) 0057  0000000001010111 ( 235)                 .FILL x0057
(30CE) 0069  0000000001101001 ( 235)                 .FILL x0069
(30CF) 006E  0000000001101110 ( 235)                 .FILL x006E
(30D0) 0073  0000000001110011 ( 235)                 .FILL x0073
(30D1) 002E  0000000000101110 ( 235)                 .FILL x002E
(30D2) 0000  0000000000000000 ( 235)                 .FILL x0000
(30D3) 0050  0000000001010000 ( 237) WIN2            .FILL x0050
(30D4) 006C  0000000001101100 ( 237)                 .FILL x006C
(30D5) 0061  0000000001100001 ( 237)                 .FILL x0061
(30D6) 0079  0000000001111001 ( 237)                 .FILL x0079
(30D7) 0065  0000000001100101 ( 237)                 .FILL x0065
(30D8) 0072  0000000001110010 ( 237)                 .FILL x0072
(30D9) 0020  0000000000100000 ( 237)                 .FILL x0020
(30DA) 0032  0000000000110010 ( 237)                 .FILL x0032
(30DB) 0020  0000000000100000 ( 237)                 .FILL x0020
(30DC) 0057  0000000001010111 ( 237)                 .FILL x0057
(30DD) 0069  0000000001101001 ( 237)                 .FILL x0069
(30DE) 006E  0000000001101110 ( 237)                 .FILL x006E
(30DF) 0073  0000000001110011 ( 237)                 .FILL x0073
(30E0) 002E  0000000000101110 ( 237)                 .FILL x002E
(30E1) 0000  0000000000000000 ( 237)                 .FILL x0000
(30E2) 004F  0000000001001111 ( 239) CHESS_O         .FILL x004F
(30E3) 0058  0000000001011000 ( 241) CHESS_X         .FILL x0058
(30E4) 002D  0000000000101101 ( 243) CHESS_N         .FILL x002D
(30E5) 0001  0000000000000001 ( 245) TIMES           .FILL x0001
(30E6) 0000  0000000000000000 ( 247) BOARD           .FILL x0000
(30E7) 0000  0000000000000000 ( 247)                 .FILL x0000
(30E8) 0000  0000000000000000 ( 247)                 .FILL x0000
(30E9) 0000  0000000000000000 ( 247)                 .FILL x0000
(30EA) 0000  0000000000000000 ( 247)                 .FILL x0000
(30EB) 0000  0000000000000000 ( 247)                 .FILL x0000
(30EC) 0000  0000000000000000 ( 247)                 .FILL x0000
(30ED) 0000  0000000000000000 ( 247)                 .FILL x0000
(30EE) 0000  0000000000000000 ( 247)                 .FILL x0000
(30EF) 0000  0000000000000000 ( 247)                 .FILL x0000
(30F0) 0000  0000000000000000 ( 247)                 .FILL x0000
(30F1) 0000  0000000000000000 ( 247)                 .FILL x0000
(30F2) 0000  0000000000000000 ( 247)                 .FILL x0000
(30F3) 0000  0000000000000000 ( 247)                 .FILL x0000
(30F4) 0000  0000000000000000 ( 247)                 .FILL x0000
(30F5) 0000  0000000000000000 ( 247)                 .FILL x0000
(30F6) 0000  0000000000000000 ( 247)                 .FILL x0000
(30F7) 0000  0000000000000000 ( 247)                 .FILL x0000
(30F8) 0000  0000000000000000 ( 247)                 .FILL x0000
(30F9) 0000  0000000000000000 ( 247)                 .FILL x0000
(30FA) 0000  0000000000000000 ( 247)                 .FILL x0000
(30FB) 0000  0000000000000000 ( 247)                 .FILL x0000
(30FC) 0000  0000000000000000 ( 247)                 .FILL x0000
(30FD) 0000  0000000000000000 ( 247)                 .FILL x0000
(30FE) 0000  0000000000000000 ( 247)                 .FILL x0000
(30FF) 0000  0000000000000000 ( 247)                 .FILL x0000
(3100) 0000  0000000000000000 ( 247)                 .FILL x0000
(3101) 0000  0000000000000000 ( 247)                 .FILL x0000
(3102) 0000  0000000000000000 ( 247)                 .FILL x0000
(3103) 0000  0000000000000000 ( 247)                 .FILL x0000
(3104) 0000  0000000000000000 ( 247)                 .FILL x0000
(3105) 0000  0000000000000000 ( 247)                 .FILL x0000
(3106) 0000  0000000000000000 ( 247)                 .FILL x0000
(3107) 0000  0000000000000000 ( 247)                 .FILL x0000
(3108) 0000  0000000000000000 ( 247)                 .FILL x0000
(3109) 0000  0000000000000000 ( 247)                 .FILL x0000
(310A) 0000  0000000000000000 ( 249) SAVE0           .FILL x0000
(310B) 0000  0000000000000000 ( 251) SAVE1           .FILL x0000
(310C) 0000  0000000000000000 ( 253) SAVE2           .FILL x0000
(310D) 0000  0000000000000000 ( 255) SAVE3           .FILL x0000
(310E) 0000  0000000000000000 ( 257) SAVE4           .FILL x0000
(310F) 0000  0000000000000000 ( 259) SAVE5           .FILL x0000
(3110) 0000  0000000000000000 ( 261) SAVE6           .FILL x0000
(3111) 0000  0000000000000000 ( 263) SAVE7           .FILL x0000
(3112) 0000  0000000000000000 ( 265) SAVE77          .FILL x0000
(3113) 0006  0000000000000110 ( 267) NUM_ROW         .FILL x0006
(3114) FFDC  1111111111011100 ( 269) NUM_END         .FILL xFFDC
(3115) FFD0  1111111111010000 ( 271) NUM_CH          .FILL xFFD0
(3116) 0020  0000000000100000 ( 273) SPACE           .FILL x0020
(3117) 000A  0000000000001010 ( 275) ENDL            .FILL x000A
(3118) 33F2  0011001111110010 ( 279) INPUT           ST    R1 SAVE1
(3119) 3FF7  0011111111110111 ( 281)                 ST    R7 SAVE7
(311A) F023  1111000000100011 ( 283)                 TRAP  x23
(311B) 2FF5  0010111111110101 ( 285)                 LD    R7 SAVE7
(311C) 23F8  0010001111111000 ( 287)                 LD    R1 NUM_CH
(311D) 1001  0001000000000001 ( 289)                 ADD   R0 R0 R1
(311E) 0C05  0000110000000101 ( 291)                 BRNZ  INP_L1
(311F) 5260  0101001001100000 ( 293)                 AND   R1 R1 #0
(3120) 127A  0001001001111010 ( 295)                 ADD   R1 R1 #-6
(3121) 1201  0001001000000001 ( 297)                 ADD   R1 R0 R1
(3122) 0201  0000001000000001 ( 299)                 BRP   INP_L1
(3123) 0E01  0000111000000001 ( 301)                 BRNZP INP_L2
(3124) 5020  0101000000100000 ( 303) INP_L1          AND   R0 R0 #0
(3125) 23E5  0010001111100101 ( 305) INP_L2          LD    R1 SAVE1
(3126) C1C0  1100000111000000 ( 307)                 RET   
(3127) 33E3  0011001111100011 ( 313) PLAY            ST    R1 SAVE1
(3128) 35E3  0011010111100011 ( 315)                 ST    R2 SAVE2
(3129) 37E3  0011011111100011 ( 317)                 ST    R3 SAVE3
(312A) 56E0  0101011011100000 ( 319)                 AND   R3 R3 #0
(312B) 16E6  0001011011100110 ( 321)                 ADD   R3 R3 #6
(312C) E3B9  1110001110111001 ( 323)                 LEA   R1 BOARD
(312D) 126F  0001001001101111 ( 325)                 ADD   R1 R1 #15
(312E) 126E  0001001001101110 ( 327)                 ADD   R1 R1 #14
(312F) 1240  0001001001000000 ( 329)                 ADD   R1 R1 R0
(3130) 21B4  0010000110110100 ( 331)                 LD    R0 TIMES
(3131) 6440  0110010001000000 ( 333) PLA_L4          LDR   R2 R1 #0
(3132) 0404  0000010000000100 ( 335)                 BRZ   PLA_L3
(3133) 16FF  0001011011111111 ( 337)                 ADD   R3 R3 #-1
(3134) 0C15  0000110000010101 ( 339)                 BRNZ  PLA_LD
(3135) 127A  0001001001111010 ( 341)                 ADD   R1 R1 #-6
(3136) 0FFA  0000111111111010 ( 343)                 BRNZP PLA_L4
(3137) 3FD9  0011111111011001 ( 345) PLA_L3          ST    R7 SAVE7
(3138) 31D1  0011000111010001 ( 347)                 ST    R0 SAVE0
(3139) 4816  0100100000010110 ( 349)                 JSR   JUDGE_N
(313A) 2FD6  0010111111010110 ( 351)                 LD    R7 SAVE7
(313B) 1020  0001000000100000 ( 353)                 ADD   R0 R0 #0
(313C) 0404  0000010000000100 ( 355)                 BRZ   PLA_L2
(313D) 54A0  0101010010100000 ( 357)                 AND   R2 R2 #0
(313E) 14A1  0001010010100001 ( 359)                 ADD   R2 R2 #1
(313F) 7440  0111010001000000 ( 361)                 STR   R2 R1 #0
(3140) 0E03  0000111000000011 ( 363)                 BRNZP PLA_L1
(3141) 54A0  0101010010100000 ( 365) PLA_L2          AND   R2 R2 #0
(3142) 14BF  0001010010111111 ( 367)                 ADD   R2 R2 #-1
(3143) 7440  0111010001000000 ( 369)                 STR   R2 R1 #0
(3144) 23A0  0010001110100000 ( 371) PLA_L1          LD    R1 TIMES
(3145) 1261  0001001001100001 ( 373)                 ADD   R1 R1 #1
(3146) E59E  1110010110011110 ( 375)                 LEA   R2 TIMES
(3147) 7280  0111001010000000 ( 377)                 STR   R1 R2 #0
(3148) 21C1  0010000111000001 ( 379)                 LD    R0 SAVE0
(3149) 0E02  0000111000000010 ( 381)                 BRNZP PLA_L5
(314A) E127  1110000100100111 ( 383) PLA_LD          LEA   R0 INVALID
(314B) 5020  0101000000100000 ( 385)                 AND   R0 R0 #0
(314C) 23BE  0010001110111110 ( 387) PLA_L5          LD    R1 SAVE1
(314D) 25BE  0010010110111110 ( 389)                 LD    R2 SAVE2
(314E) 27BE  0010011110111110 ( 391)                 LD    R3 SAVE3
(314F) C1C0  1100000111000000 ( 393)                 RET   
(3150) 33BA  0011001110111010 ( 399) JUDGE_N         ST    R1 SAVE1
(3151) 2393  0010001110010011 ( 401)                 LD    R1 TIMES
(3152) 5020  0101000000100000 ( 403)                 AND   R0 R0 #0
(3153) 1021  0001000000100001 ( 405)                 ADD   R0 R0 #1
(3154) 5001  0101000000000001 ( 407)                 AND   R0 R0 R1
(3155) 23B5  0010001110110101 ( 409)                 LD    R1 SAVE1
(3156) C1C0  1100000111000000 ( 411)                 RET   
(3157) 33B3  0011001110110011 ( 417) JUDGE_W         ST    R1 SAVE1
(3158) 35B3  0011010110110011 ( 419)                 ST    R2 SAVE2
(3159) 37B3  0011011110110011 ( 421)                 ST    R3 SAVE3
(315A) 39B3  0011100110110011 ( 423)                 ST    R4 SAVE4
(315B) 3BB3  0011101110110011 ( 425)                 ST    R5 SAVE5
(315C) 3DB3  0011110110110011 ( 427)                 ST    R6 SAVE6
(315D) 23B5  0010001110110101 ( 433)                 LD    R1 NUM_ROW
(315E) 54A0  0101010010100000 ( 435)                 AND   R2 R2 #0
(315F) 14A3  0001010010100011 ( 437)                 ADD   R2 R2 #3
(3160) ED85  1110110110000101 ( 439)                 LEA   R6 BOARD
(3161) 5020  0101000000100000 ( 441) WIN_L1          AND   R0 R0 #0
(3162) 1021  0001000000100001 ( 443)                 ADD   R0 R0 #1
(3163) 3FAD  0011111110101101 ( 445)                 ST    R7 SAVE7
(3164) 4851  0100100001010001 ( 447)                 JSR   SUM_N
(3165) 2FAB  0010111110101011 ( 449)                 LD    R7 SAVE7
(3166) 1020  0001000000100000 ( 451)                 ADD   R0 R0 #0
(3167) 0242  0000001001000010 ( 453)                 BRP   WIN_LW
(3168) 1DA1  0001110110100001 ( 455)                 ADD   R6 R6 #1
(3169) 14BF  0001010010111111 ( 457)                 ADD   R2 R2 #-1
(316A) 03F6  0000001111110110 ( 459)                 BRP   WIN_L1
(316B) 1DBD  0001110110111101 ( 461)                 ADD   R6 R6 #-3
(316C) 1DA6  0001110110100110 ( 463)                 ADD   R6 R6 #6
(316D) 14A3  0001010010100011 ( 465)                 ADD   R2 R2 #3
(316E) 127F  0001001001111111 ( 467)                 ADD   R1 R1 #-1
(316F) 03F1  0000001111110001 ( 469)                 BRP   WIN_L1
(3170) 23A2  0010001110100010 ( 475)                 LD    R1 NUM_ROW
(3171) 54A0  0101010010100000 ( 477)                 AND   R2 R2 #0
(3172) 14A3  0001010010100011 ( 479)                 ADD   R2 R2 #3
(3173) ED72  1110110101110010 ( 481)                 LEA   R6 BOARD
(3174) 5020  0101000000100000 ( 483) WIN_L2          AND   R0 R0 #0
(3175) 1026  0001000000100110 ( 485)                 ADD   R0 R0 #6
(3176) 3F9A  0011111110011010 ( 487)                 ST    R7 SAVE7
(3177) 483E  0100100000111110 ( 489)                 JSR   SUM_N
(3178) 2F98  0010111110011000 ( 491)                 LD    R7 SAVE7
(3179) 1020  0001000000100000 ( 493)                 ADD   R0 R0 #0
(317A) 022F  0000001000101111 ( 495)                 BRP   WIN_LW
(317B) 1DA6  0001110110100110 ( 497)                 ADD   R6 R6 #6
(317C) 14BF  0001010010111111 ( 499)                 ADD   R2 R2 #-1
(317D) 03F6  0000001111110110 ( 501)                 BRP   WIN_L2
(317E) 1DB7  0001110110110111 ( 503)                 ADD   R6 R6 #-9
(317F) 1DB7  0001110110110111 ( 505)                 ADD   R6 R6 #-9
(3180) 1DA1  0001110110100001 ( 507)                 ADD   R6 R6 #1
(3181) 14A3  0001010010100011 ( 509)                 ADD   R2 R2 #3
(3182) 127F  0001001001111111 ( 511)                 ADD   R1 R1 #-1
(3183) 03F0  0000001111110000 ( 513)                 BRP   WIN_L2
(3184) 5260  0101001001100000 ( 522)                 AND   R1 R1 #0
(3185) 1263  0001001001100011 ( 524)                 ADD   R1 R1 #3
(3186) ED5F  1110110101011111 ( 526)                 LEA   R6 BOARD
(3187) 54A0  0101010010100000 ( 528) WIN_L4          AND   R2 R2 #0
(3188) 14A3  0001010010100011 ( 530)                 ADD   R2 R2 #3
(3189) 5020  0101000000100000 ( 532) WIN_L3          AND   R0 R0 #0
(318A) 1027  0001000000100111 ( 534)                 ADD   R0 R0 #7
(318B) 3F85  0011111110000101 ( 536)                 ST    R7 SAVE7
(318C) 4829  0100100000101001 ( 538)                 JSR   SUM_N
(318D) 2F83  0010111110000011 ( 540)                 LD    R7 SAVE7
(318E) 1020  0001000000100000 ( 542)                 ADD   R0 R0 #0
(318F) 021A  0000001000011010 ( 544)                 BRP   WIN_LW
(3190) 1DA1  0001110110100001 ( 546)                 ADD   R6 R6 #1
(3191) 14BF  0001010010111111 ( 548)                 ADD   R2 R2 #-1
(3192) 03F6  0000001111110110 ( 550)                 BRP   WIN_L3
(3193) 1DA3  0001110110100011 ( 552)                 ADD   R6 R6 #3
(3194) 127F  0001001001111111 ( 554)                 ADD   R1 R1 #-1
(3195) 03F1  0000001111110001 ( 556)                 BRP   WIN_L4
(3196) 5260  0101001001100000 ( 565)                 AND   R1 R1 #0
(3197) 1263  0001001001100011 ( 567)                 ADD   R1 R1 #3
(3198) ED4D  1110110101001101 ( 569)                 LEA   R6 BOARD
(3199) 1DA5  0001110110100101 ( 571)                 ADD   R6 R6 #5
(319A) 54A0  0101010010100000 ( 573) WIN_L6          AND   R2 R2 #0
(319B) 14A3  0001010010100011 ( 575)                 ADD   R2 R2 #3
(319C) 5020  0101000000100000 ( 577) WIN_L5          AND   R0 R0 #0
(319D) 1025  0001000000100101 ( 579)                 ADD   R0 R0 #5
(319E) 3F72  0011111101110010 ( 581)                 ST    R7 SAVE7
(319F) 4816  0100100000010110 ( 583)                 JSR   SUM_N
(31A0) 2F70  0010111101110000 ( 585)                 LD    R7 SAVE7
(31A1) 1020  0001000000100000 ( 587)                 ADD   R0 R0 #0
(31A2) 0207  0000001000000111 ( 589)                 BRP   WIN_LW
(31A3) 1DBF  0001110110111111 ( 591)                 ADD   R6 R6 #-1
(31A4) 14BF  0001010010111111 ( 593)                 ADD   R2 R2 #-1
(31A5) 03F6  0000001111110110 ( 595)                 BRP   WIN_L5
(31A6) 1DA9  0001110110101001 ( 597)                 ADD   R6 R6 #9
(31A7) 127F  0001001001111111 ( 599)                 ADD   R1 R1 #-1
(31A8) 03F1  0000001111110001 ( 601)                 BRP   WIN_L6
(31A9) 5020  0101000000100000 ( 605)                 AND   R0 R0 #0
(31AA) 233A  0010001100111010 ( 607) WIN_LW          LD    R1 TIMES
(31AB) 2568  0010010101101000 ( 609)                 LD    R2 NUM_END
(31AC) 1442  0001010001000010 ( 611)                 ADD   R2 R1 R2
(31AD) 0C01  0000110000000001 ( 613)                 BRNZ  WIN_LD
(31AE) 1021  0001000000100001 ( 615)                 ADD   R0 R0 #1
(31AF) 235B  0010001101011011 ( 617) WIN_LD          LD    R1 SAVE1
(31B0) 255B  0010010101011011 ( 619)                 LD    R2 SAVE2
(31B1) 275B  0010011101011011 ( 621)                 LD    R3 SAVE3
(31B2) 295B  0010100101011011 ( 623)                 LD    R4 SAVE4
(31B3) 2B5B  0010101101011011 ( 625)                 LD    R5 SAVE5
(31B4) 2D5B  0010110101011011 ( 627)                 LD    R6 SAVE6
(31B5) C1C0  1100000111000000 ( 629)                 RET   
(31B6) 3354  0011001101010100 ( 635) SUM_N           ST    R1 SAVE1
(31B7) 3554  0011010101010100 ( 637)                 ST    R2 SAVE2
(31B8) 3754  0011011101010100 ( 639)                 ST    R3 SAVE3
(31B9) 3D56  0011110101010110 ( 641)                 ST    R6 SAVE6
(31BA) 56E0  0101011011100000 ( 643)                 AND   R3 R3 #0
(31BB) 54A0  0101010010100000 ( 645)                 AND   R2 R2 #0
(31BC) 14A4  0001010010100100 ( 647)                 ADD   R2 R2 #4
(31BD) 6380  0110001110000000 ( 649) SUM_L1          LDR   R1 R6 #0
(31BE) 1643  0001011001000011 ( 651)                 ADD   R3 R1 R3
(31BF) 1D80  0001110110000000 ( 653)                 ADD   R6 R6 R0
(31C0) 14BF  0001010010111111 ( 655)                 ADD   R2 R2 #-1
(31C1) 03FB  0000001111111011 ( 657)                 BRP   SUM_L1
(31C2) 5260  0101001001100000 ( 659)                 AND   R1 R1 #0
(31C3) 1264  0001001001100100 ( 661)                 ADD   R1 R1 #4
(31C4) 5020  0101000000100000 ( 663)                 AND   R0 R0 #0
(31C5) 1243  0001001001000011 ( 665)                 ADD   R1 R1 R3
(31C6) 0A02  0000101000000010 ( 667)                 BRNP  SUM_L2
(31C7) 1021  0001000000100001 ( 669)                 ADD   R0 R0 #1
(31C8) 0E06  0000111000000110 ( 671)                 BRNZP SUM_LD
(31C9) 5260  0101001001100000 ( 673) SUM_L2          AND   R1 R1 #0
(31CA) 127C  0001001001111100 ( 675)                 ADD   R1 R1 #-4
(31CB) 1243  0001001001000011 ( 677)                 ADD   R1 R1 R3
(31CC) 0A02  0000101000000010 ( 679)                 BRNP  SUM_LD
(31CD) 1021  0001000000100001 ( 681)                 ADD   R0 R0 #1
(31CE) 0E00  0000111000000000 ( 683)                 BRNZP SUM_LD
(31CF) 233B  0010001100111011 ( 685) SUM_LD          LD    R1 SAVE1
(31D0) 253B  0010010100111011 ( 687)                 LD    R2 SAVE2
(31D1) 273B  0010011100111011 ( 689)                 LD    R3 SAVE3
(31D2) 2D3D  0010110100111101 ( 691)                 LD    R6 SAVE6
(31D3) C1C0  1100000111000000 ( 693)                 RET   
